\BOOKMARK [0][-]{chapter*.3}{\376\377\000I\000n\000t\000r\000o\000d\000u\000c\000t\000i\000o\000n}{}% 1
\BOOKMARK [0][-]{chapter.1}{\376\377\000A\000l\000g\000e\000b\000r\000a\000i\000c\000\040\000C\000o\000n\000s\000t\000r\000u\000c\000t\000i\000o\000n\000\040\000o\000f\000\040\000C\000l\000a\000s\000s\000i\000c\000a\000l\000\040\000M\000e\000c\000h\000a\000n\000i\000c\000s}{}% 2
\BOOKMARK [1][-]{section.1.1}{\376\377\000A\000\040\000B\000r\000i\000e\000f\000\040\000I\000n\000t\000r\000o\000d\000u\000c\000t\000i\000o\000n\000\040\000t\000o\000\040\000D\000i\000f\000f\000e\000r\000e\000n\000t\000i\000a\000l\000\040\000G\000e\000o\000m\000e\000t\000r\000y}{chapter.1}% 3
\BOOKMARK [1][-]{section.1.2}{\376\377\000L\000i\000e\000\040\000A\000l\000g\000e\000b\000r\000a\000s\000\040\000a\000n\000d\000\040\000R\000e\000p\000r\000e\000s\000e\000n\000t\000a\000t\000i\000o\000n\000s}{chapter.1}% 4
\BOOKMARK [1][-]{section.1.3}{\376\377\000E\000l\000e\000m\000e\000n\000t\000s\000\040\000o\000f\000\040\000s\000y\000m\000p\000l\000e\000c\000t\000i\000c\000\040\000g\000e\000o\000m\000e\000t\000r\000y}{chapter.1}% 5
\BOOKMARK [1][-]{section.1.4}{\376\377\000H\000a\000m\000i\000l\000t\000o\000n\000i\000a\000n\000\040\000V\000e\000c\000t\000o\000r\000\040\000F\000i\000e\000l\000d\000s\000\040\000a\000n\000d\000\040\000P\000o\000i\000s\000s\000o\000n\000\040\000B\000r\000a\000c\000k\000e\000t\000s}{chapter.1}% 6
\BOOKMARK [1][-]{section.1.5}{\376\377\000S\000y\000m\000m\000e\000t\000r\000i\000e\000s\000\040\000a\000n\000d\000\040\000G\000e\000o\000m\000e\000t\000r\000i\000c\000a\000l\000\040\000N\000o\000e\000t\000h\000e\000r\000'\000s\000\040\000T\000h\000e\000o\000r\000e\000m}{chapter.1}% 7
\BOOKMARK [1][-]{section.1.6}{\376\377\000C\000l\000a\000s\000s\000i\000c\000a\000l\000\040\000M\000e\000c\000h\000a\000n\000i\000c\000s\000\040\000a\000s\000\040\000a\000\040\000C\000o\000m\000m\000u\000t\000a\000t\000i\000v\000e\000\040\000C\000*\000-\000a\000l\000g\000e\000b\000r\000a}{chapter.1}% 8
\BOOKMARK [1][-]{section.1.7}{\376\377\000E\000x\000a\000m\000p\000l\000e\000\040\000I\000:\000\040\000C\000l\000a\000s\000s\000i\000c\000a\000l\000\040\000S\000p\000i\000n\000\040\000S\000y\000s\000t\000e\000m}{chapter.1}% 9
\BOOKMARK [0][-]{chapter.2}{\376\377\000A\000l\000g\000e\000b\000r\000a\000i\000c\000\040\000C\000o\000n\000s\000t\000r\000u\000c\000t\000i\000o\000n\000\040\000o\000f\000\040\000Q\000u\000a\000n\000t\000u\000m\000\040\000M\000e\000c\000h\000a\000n\000i\000c\000s}{}% 10
\BOOKMARK [1][-]{section.2.1}{\376\377\000G\000e\000n\000e\000r\000a\000l\000\040\000M\000a\000t\000h\000e\000m\000a\000t\000i\000c\000a\000l\000\040\000D\000e\000s\000c\000r\000i\000p\000t\000i\000o\000n\000\040\000o\000f\000\040\000a\000\040\000Q\000u\000a\000n\000t\000u\000m\000\040\000T\000h\000e\000o\000r\000y}{chapter.2}% 11
\BOOKMARK [1][-]{section.2.2}{\376\377\000A\000n\000\040\000I\000n\000t\000r\000o\000d\000u\000c\000t\000i\000o\000n\000\040\000t\000o\000\040\000t\000h\000e\000\040\000H\000i\000l\000b\000e\000r\000t\000\040\000S\000p\000a\000c\000e\000\040\000F\000o\000r\000m\000a\000l\000i\000s\000m}{chapter.2}% 12
\BOOKMARK [1][-]{section.2.3}{\376\377\000T\000h\000e\000\040\000G\000e\000l\000f\000a\000n\000d\000-\000N\000a\000i\000m\000a\000r\000k\000-\000S\000e\000g\000a\000l\000\040\000C\000o\000n\000s\000t\000r\000u\000c\000t\000i\000o\000n}{chapter.2}% 13
\BOOKMARK [1][-]{section.2.4}{\376\377\000T\000h\000e\000\040\000W\000e\000y\000l\000\040\000A\000l\000g\000e\000b\000r\000a\000\040\000a\000n\000d\000\040\000i\000t\000s\000\040\000R\000e\000p\000r\000e\000s\000e\000n\000t\000a\000t\000i\000o\000n\000s}{chapter.2}% 14
\BOOKMARK [1][-]{section.2.5}{\376\377\000T\000h\000e\000\040\000D\000i\000r\000a\000c\000-\000v\000o\000n\000\040\000N\000e\000u\000m\000a\000n\000n\000\040\000A\000x\000i\000o\000m\000s\000\040\000R\000e\000v\000i\000s\000i\000t\000e\000d}{chapter.2}% 15
\BOOKMARK [1][-]{section.2.6}{\376\377\000A\000\040\000C\000o\000m\000p\000a\000r\000i\000s\000o\000n\000\040\000b\000e\000t\000w\000e\000e\000n\000\040\000C\000l\000a\000s\000s\000i\000c\000a\000l\000\040\000a\000n\000d\000\040\000Q\000u\000a\000n\000t\000u\000m\000\040\000A\000l\000g\000e\000b\000r\000a\000i\000c\000\040\000R\000e\000c\000o\000n\000s\000t\000r\000u\000c\000t\000i\000o\000n\000s}{chapter.2}% 16
\BOOKMARK [1][-]{section.2.7}{\376\377\000E\000x\000a\000m\000p\000l\000e\000\040\000I\000I\000:\000\040\000T\000h\000e\000\040\000Q\000u\000a\000n\000t\000u\000m\000\040\000S\000p\000i\000n\000\040\000S\000y\000s\000t\000e\000m}{chapter.2}% 17
\BOOKMARK [0][-]{chapter.3}{\376\377\000R\000e\000c\000o\000v\000e\000r\000y\000\040\000o\000f\000\040\000H\000a\000m\000i\000l\000t\000o\000n\000i\000a\000n\000\040\000S\000t\000r\000u\000c\000t\000u\000r\000e\000s\000\040\000i\000n\000\040\000t\000h\000e\000\040\000P\000r\000o\000j\000e\000c\000t\000i\000v\000e\000\040\000S\000t\000a\000t\000e\000\040\000S\000p\000a\000c\000e}{}% 18
\BOOKMARK [1][-]{section.3.1}{\376\377\000A\000\040\000B\000r\000i\000e\000f\000\040\000I\000n\000t\000r\000o\000d\000u\000c\000t\000i\000o\000n\000\040\000t\000o\000\040\000K\000\344\000h\000l\000e\000r\000\040\000G\000e\000o\000m\000e\000t\000r\000y}{chapter.3}% 19
\BOOKMARK [1][-]{section.3.2}{\376\377\000T\000h\000e\000\040\000P\000r\000o\000j\000e\000c\000t\000i\000v\000e\000\040\000H\000i\000l\000b\000e\000r\000t\000\040\000S\000p\000a\000c\000e\000\040\000a\000s\000\040\000a\000\040\000K\000\344\000h\000l\000e\000r\000\040\000M\000a\000n\000i\000f\000o\000l\000d}{chapter.3}% 20
\BOOKMARK [1][-]{section.3.3}{\376\377\000S\000c\000h\000r\000\366\000d\000i\000n\000g\000e\000r\000\040\000E\000q\000u\000a\000t\000i\000o\000n\000\040\000a\000s\000\040\000a\000n\000\040\000H\000a\000m\000i\000l\000t\000o\000n\000i\000a\000n\000\040\000F\000l\000o\000w}{chapter.3}% 21
\BOOKMARK [1][-]{section.3.4}{\376\377\000R\000i\000e\000m\000a\000n\000n\000i\000a\000n\000\040\000M\000e\000t\000r\000i\000c\000\040\000a\000n\000d\000\040\000U\000n\000c\000e\000r\000t\000a\000i\000n\000t\000y\000\040\000R\000e\000l\000a\000t\000i\000o\000n\000s}{chapter.3}% 22
\BOOKMARK [1][-]{section.3.5}{\376\377\000O\000b\000s\000e\000r\000v\000a\000b\000l\000e\000\040\000F\000u\000n\000c\000t\000i\000o\000n\000s\000\040\000o\000n\000\040\000K\000\344\000h\000l\000e\000r\000\040\000m\000a\000n\000i\000f\000o\000l\000d\000s}{chapter.3}% 23
\BOOKMARK [1][-]{section.3.6}{\376\377\000Q\000u\000a\000n\000t\000u\000m\000\040\000S\000y\000m\000m\000e\000t\000r\000i\000e\000s\000\040\000a\000n\000d\000\040\000t\000h\000e\000\040\000M\000o\000m\000e\000n\000t\000u\000m\000\040\000M\000a\000p}{chapter.3}% 24
\BOOKMARK [1][-]{section.3.7}{\376\377\000A\000l\000g\000e\000b\000r\000a\000i\000c\000-\000G\000e\000o\000m\000e\000t\000r\000i\000c\000\040\000A\000x\000i\000o\000m\000a\000t\000i\000z\000a\000t\000i\000o\000n\000\040\000o\000f\000\040\000Q\000u\000a\000n\000t\000u\000m\000\040\000M\000e\000c\000h\000a\000n\000i\000c\000s}{chapter.3}% 25
\BOOKMARK [1][-]{section.3.8}{\376\377\000E\000x\000a\000m\000p\000l\000e\000\040\000I\000I\000I\000:\000\040\000D\000y\000n\000a\000m\000i\000c\000s\000\040\000a\000n\000d\000\040\000S\000y\000m\000m\000e\000t\000r\000i\000e\000s\000\040\000o\000n\000\040\000t\000h\000e\000\040\000B\000l\000o\000c\000h\000\040\000S\000p\000h\000e\000r\000e}{chapter.3}% 26
\BOOKMARK [0][-]{chapter*.72}{\376\377\000C\000o\000n\000c\000l\000u\000s\000i\000o\000n}{}% 27
