\BOOKMARK [0][-]{part*.1}{\376\377\000P\000a\000r\000t\000e\000\040\000I\000:\000\040\000I\000l\000\040\000L\000a\000t\000o\000\040\000C\000l\000a\000s\000s\000i\000c\000o}{}% 1
\BOOKMARK [1][-]{section.1}{\376\377\000V\000a\000r\000i\000e\000t\000\340\000\040\000S\000i\000m\000p\000l\000e\000t\000t\000i\000c\000h\000e\000\040\000e\000\040\000S\000p\000a\000z\000i\000o\000\040\000d\000e\000l\000l\000e\000\040\000F\000a\000s\000i}{part*.1}% 2
\BOOKMARK [2][-]{subsection.1.1}{\376\377\000G\000e\000o\000m\000e\000t\000r\000i\000a\000\040\000S\000i\000m\000p\000l\000e\000t\000t\000i\000c\000a}{section.1}% 3
\BOOKMARK [2][-]{subsection.1.2}{\376\377\000S\000i\000m\000p\000l\000e\000t\000t\000o\000m\000o\000r\000f\000i\000s\000m\000i\000\040\000e\000\040\000I\000n\000v\000a\000r\000i\000a\000n\000z\000a\000\040\000d\000e\000l\000l\000a\000\040\000S\000t\000r\000u\000t\000t\000u\000r\000a}{section.1}% 4
\BOOKMARK [1][-]{section.2}{\376\377\000P\000a\000r\000e\000n\000t\000e\000s\000i\000\040\000d\000i\000\040\000P\000o\000i\000s\000s\000o\000n\000\040\000e\000\040\000A\000l\000g\000e\000b\000r\000a\000\040\000d\000e\000l\000l\000e\000\040\000O\000s\000s\000e\000r\000v\000a\000b\000i\000l\000i}{part*.1}% 5
\BOOKMARK [2][-]{subsection.2.1}{\376\377\000C\000\050\000M\000\051\000\040\000c\000o\000m\000e\000\040\000A\000l\000g\000e\000b\000r\000a\000\040\000d\000i\000\040\000L\000i\000e}{section.2}% 6
\BOOKMARK [2][-]{subsection.2.2}{\376\377\000C\000a\000m\000p\000i\000\040\000H\000a\000m\000i\000l\000t\000o\000n\000i\000a\000n\000i\000\040\000e\000\040\000F\000l\000u\000s\000s\000o\000\040\000d\000i\000\040\000P\000o\000i\000s\000s\000o\000n}{section.2}% 7
\BOOKMARK [2][-]{subsection.2.3}{\376\377\000Q\000u\000b\000i\000t\000\040\000I\000:\000\040\000S\0002\000\040\000c\000o\000m\000e\000\040\000S\000p\000a\000z\000i\000o\000\040\000d\000e\000l\000l\000e\000\040\000F\000a\000s\000i\000\040\000d\000e\000l\000l\000o\000\040\000S\000p\000i\000n\000\040\000C\000l\000a\000s\000s\000i\000c\000o}{section.2}% 8
\BOOKMARK [1][-]{section.3}{\376\377\000F\000l\000u\000s\000s\000o\000\040\000H\000a\000m\000i\000l\000t\000o\000n\000i\000a\000n\000o\000\040\000e\000\040\000T\000e\000o\000r\000e\000m\000a\000\040\000d\000i\000\040\000N\000o\000e\000t\000h\000e\000r}{part*.1}% 9
\BOOKMARK [2][-]{subsection.3.1}{\376\377\000G\000r\000u\000p\000p\000i\000\040\000d\000i\000\040\000L\000i\000e\000\040\000e\000\040\000A\000z\000i\000o\000n\000i\000\040\000S\000i\000m\000p\000l\000e\000t\000t\000i\000c\000h\000e}{section.3}% 10
\BOOKMARK [2][-]{subsection.3.2}{\376\377\000M\000a\000p\000p\000a\000\040\000M\000o\000m\000e\000n\000t\000o\000\040\000e\000\040\000T\000e\000o\000r\000e\000m\000a\000\040\000d\000i\000\040\000N\000o\000e\000t\000h\000e\000r}{section.3}% 11
\BOOKMARK [0][-]{part*.2}{\376\377\000P\000a\000r\000t\000e\000\040\000I\000I\000:\000\040\000I\000l\000\040\000Q\000u\000a\000d\000r\000o\000\040\000A\000l\000g\000e\000b\000r\000i\000c\000o}{}% 12
\BOOKMARK [1][-]{section.4}{\376\377\000C\000*\000-\000A\000l\000g\000e\000b\000r\000e\000:\000\040\000S\000t\000r\000u\000t\000t\000u\000r\000a\000\040\000C\000o\000m\000u\000n\000e\000\040\000d\000i\000\040\000M\000R\000\040\000e\000\040\000M\000Q}{part*.2}% 13
\BOOKMARK [2][-]{subsection.4.1}{\376\377\000D\000e\000f\000i\000n\000i\000z\000i\000o\000n\000e\000\040\000A\000s\000s\000i\000o\000m\000a\000t\000i\000c\000a}{section.4}% 14
\BOOKMARK [2][-]{subsection.4.2}{\376\377\000M\000R\000\040\000c\000o\000m\000e\000\040\000C\000*\000-\000A\000l\000g\000e\000b\000r\000a\000\040\000C\000o\000m\000m\000u\000t\000a\000t\000i\000v\000a\000:\000\040\000T\000e\000o\000r\000e\000m\000a\000\040\000d\000i\000\040\000G\000e\000l\000f\000a\000n\000d}{section.4}% 15
\BOOKMARK [2][-]{subsection.4.3}{\376\377\000M\000Q\000\040\000c\000o\000m\000e\000\040\000C\000*\000-\000A\000l\000g\000e\000b\000r\000a\000\040\000N\000o\000n\000\040\000C\000o\000m\000m\000u\000t\000a\000t\000i\000v\000a\000:\000\040\000T\000e\000o\000r\000e\000m\000a\000\040\000d\000i\000\040\000G\000e\000l\000f\000a\000n\000d\040\023\000N\000a\000i\000m\000a\000r\000k}{section.4}% 16
\BOOKMARK [2][-]{subsection.4.4}{\376\377\000T\000e\000o\000r\000e\000m\000a\000\040\000G\000N\000S\000:\000\040\000l\000o\000\040\000S\000p\000a\000z\000i\000o\000\040\000d\000i\000\040\000H\000i\000l\000b\000e\000r\000t\000\040\000c\000o\000m\000e\000\040\000C\000o\000n\000s\000e\000g\000u\000e\000n\000z\000a}{section.4}% 17
\BOOKMARK [2][-]{subsection.4.5}{\376\377\000Q\000u\000b\000i\000t\000\040\000I\000I\000:\000\040\000M\0002\000\050\000C\000\051\000\040\000c\000o\000m\000e\000\040\000C\000*\000-\000A\000l\000g\000e\000b\000r\000a}{section.4}% 18
\BOOKMARK [1][-]{section.5}{\376\377\000W\000i\000n\000t\000n\000e\000r\040\023\000W\000i\000e\000l\000a\000n\000d\000t\000\040\000e\000\040\000A\000l\000g\000e\000b\000r\000a\000\040\000d\000i\000\040\000W\000e\000y\000l}{part*.2}% 19
\BOOKMARK [2][-]{subsection.5.1}{\376\377\000I\000l\000\040\000P\000r\000o\000b\000l\000e\000m\000a\000\040\000d\000e\000l\000l\000e\000\040\000C\000C\000R}{section.5}% 20
\BOOKMARK [2][-]{subsection.5.2}{\376\377\000T\000e\000o\000r\000e\000m\000a\000\040\000d\000i\000\040\000W\000i\000n\000t\000n\000e\000r\040\023\000W\000i\000e\000l\000a\000n\000d\000t}{section.5}% 21
\BOOKMARK [2][-]{subsection.5.3}{\376\377\000A\000l\000g\000e\000b\000r\000a\000\040\000d\000i\000\040\000W\000e\000y\000l\000\040\000c\000o\000m\000e\000\040\000S\000o\000l\000u\000z\000i\000o\000n\000e}{section.5}% 22
\BOOKMARK [2][-]{subsection.5.4}{\376\377\000I\000l\000\040\000L\000i\000e\000-\000B\000r\000a\000c\000k\000e\000t\000\040\000c\000o\000m\000e\000\040\000S\000t\000r\000u\000t\000t\000u\000r\000a\000\040\000I\000n\000t\000e\000r\000n\000a}{section.5}% 23
\BOOKMARK [1][-]{section.6}{\376\377\000S\000t\000r\000i\000c\000t\000\040\000D\000e\000f\000o\000r\000m\000a\000t\000i\000o\000n\000\040\000Q\000u\000a\000n\000t\000i\000z\000a\000t\000i\000o\000n\000\040\000\050\000R\000i\000e\000f\000f\000e\000l\000\051}{part*.2}% 24
\BOOKMARK [2][-]{subsection.6.1}{\376\377\000I\000n\000t\000r\000o\000d\000u\000z\000i\000o\000n\000e\000:\000\040\000i\000l\000\040\000P\000a\000r\000a\000m\000e\000t\000r\000o\000\040}{section.6}% 25
\BOOKMARK [2][-]{subsection.6.2}{\376\377\000P\000e\000r\000c\000h\000\351\000\040\000l\000a\000\040\000D\000e\000f\000o\000r\000m\000a\000z\000i\000o\000n\000e\000\040\000F\000o\000r\000m\000a\000l\000e\000\040\000N\000o\000n\000\040\000B\000a\000s\000t\000a}{section.6}% 26
\BOOKMARK [2][-]{subsection.6.3}{\376\377\000D\000e\000f\000i\000n\000i\000z\000i\000o\000n\000e\000\040\000d\000i\000\040\000R\000i\000e\000f\000f\000e\000l\000\040\000e\000\040\000C\000o\000n\000d\000i\000z\000i\000o\000n\000e\000\040\000d\000i\000\040\000D\000i\000r\000a\000c}{section.6}% 27
\BOOKMARK [2][-]{subsection.6.4}{\376\377\000E\000s\000e\000m\000p\000i\000o\000:\000\040\000Q\000u\000a\000n\000t\000i\000z\000z\000a\000z\000i\000o\000n\000e\000\040\000d\000i\000\040\000W\000e\000y\000l\000\040\000s\000u\000\040\000R\0002}{section.6}% 28
\BOOKMARK [2][-]{subsection.6.5}{\376\377\000Q\000u\000b\000i\000t\000\040\000I\000I\000I\000:\000\040\000F\000a\000m\000i\000g\000l\000i\000a\000\040\000A\000\040\000c\000h\000e\000\040\000I\000n\000t\000e\000r\000p\000o\000l\000a\000\040\000C\000\050\000S\0002\000\051\000\040\000M\0002\000\050\000C\000\051}{section.6}% 29
\BOOKMARK [0][-]{part*.3}{\376\377\000P\000a\000r\000t\000e\000\040\000I\000I\000I\000:\000\040\000L\000e\000\040\000R\000i\000s\000p\000o\000s\000t\000e}{}% 30
\BOOKMARK [1][-]{section.7}{\376\377\000L\000a\000\040\000C\000o\000r\000r\000i\000s\000p\000o\000n\000d\000e\000n\000z\000a\000\040\000C\000l\000a\000s\000s\000i\000c\000o\000-\000Q\000u\000a\000n\000t\000i\000s\000t\000i\000c\000a\000:\000\040\000T\000r\000e\000\040\000L\000i\000v\000e\000l\000l\000i}{part*.3}% 31
\BOOKMARK [2][-]{subsection.7.1}{\376\377\000L\000i\000v\000e\000l\000l\000o\000\040\0001\000\040\040\024\000\040\000C\000o\000r\000r\000i\000s\000p\000o\000n\000d\000e\000n\000z\000a\000\040\000c\000o\000m\000e\000\040\000C\000o\000n\000t\000i\000n\000u\000i\000t\000\340}{section.7}% 32
\BOOKMARK [2][-]{subsection.7.2}{\376\377\000L\000i\000v\000e\000l\000l\000o\000\040\0002\000\040\040\024\000\040\000O\000s\000t\000a\000c\000o\000l\000o\000\040\000d\000i\000\040\000G\000r\000o\000e\000n\000e\000w\000o\000l\000d\040\023\000v\000a\000n\000\040\000H\000o\000v\000e}{section.7}% 33
\BOOKMARK [2][-]{subsection.7.3}{\376\377\000L\000i\000v\000e\000l\000l\000o\000\040\0003\000\040\040\024\000\040\000I\000l\000\040\000L\000i\000e\000-\000B\000r\000a\000c\000k\000e\000t\000\040\000\350\000\040\000I\000n\000t\000r\000i\000n\000s\000e\000c\000o}{section.7}% 34
\BOOKMARK [2][-]{subsection.7.4}{\376\377\000Q\000u\000b\000i\000t\000\040\000I\000V\000:\000\040\000C\000a\000l\000c\000o\000l\000o\000\040\000E\000s\000p\000l\000i\000c\000i\000t\000o}{section.7}% 35
\BOOKMARK [1][-]{section.8}{\376\377\000E\000v\000o\000l\000u\000z\000i\000o\000n\000e\000\040\000U\000n\000i\000t\000a\000r\000i\000a\000\040\000e\000\040\000F\000l\000u\000s\000s\000o\000\040\000H\000a\000m\000i\000l\000t\000o\000n\000i\000a\000n\000o}{part*.3}% 36
\BOOKMARK [2][-]{subsection.8.1}{\376\377\000S\000t\000o\000n\000e\040\023\000v\000o\000n\000\040\000N\000e\000u\000m\000a\000n\000n\000\040\000e\000\040\000U\000n\000i\000c\000i\000t\000\340\000\040\000d\000e\000l\000l\000a\000\040\000R\000a\000p\000p\000r\000e\000s\000e\000n\000t\000a\000z\000i\000o\000n\000e}{section.8}% 37
\BOOKMARK [2][-]{subsection.8.2}{\376\377\000T\000e\000o\000r\000e\000m\000a\000\040\000d\000i\000\040\000S\000t\000o\000n\000e\000:\000\040\000E\000q\000u\000a\000z\000i\000o\000n\000e\000\040\000d\000i\000\040\000S\000c\000h\000r\000\366\000d\000i\000n\000g\000e\000r\000\040\000c\000o\000m\000e\000\040\000F\000l\000u\000s\000s\000o}{section.8}% 38
\BOOKMARK [2][-]{subsection.8.3}{\376\377\000Q\000u\000b\000i\000t\000\040\000V\000:\000\040\000P\000r\000e\000c\000e\000s\000s\000i\000o\000n\000e\000\040\000d\000i\000\040\000L\000a\000r\000m\000o\000r}{section.8}% 39
\BOOKMARK [1][-]{section.9}{\376\377\000G\000e\000o\000m\000e\000t\000r\000i\000a\000\040\000S\000i\000m\000p\000l\000e\000t\000t\000i\000c\000a\000\040\000d\000e\000l\000l\000o\000\040\000S\000p\000a\000z\000i\000o\000\040\000d\000e\000g\000l\000i\000\040\000S\000t\000a\000t\000i}{part*.3}% 40
\BOOKMARK [2][-]{subsection.9.1}{\376\377\000C\000o\000r\000n\000i\000c\000e\000\040\000E\000s\000p\000l\000i\000c\000i\000t\000a\000:\000\040\000d\000a\000l\000\040\000L\000a\000t\000o\000\040\000d\000e\000l\000l\000e\000\040\000O\000s\000s\000e\000r\000v\000a\000b\000i\000l\000i\000\040\000a\000\040\000Q\000u\000e\000l\000l\000o\000\040\000d\000e\000g\000l\000i\000\040\000S\000t\000a\000t\000i}{section.9}% 41
\BOOKMARK [2][-]{subsection.9.2}{\376\377\000D\000e\000c\000o\000m\000p\000o\000s\000i\000z\000i\000o\000n\000e\000\040\000d\000e\000l\000\040\000P\000r\000o\000d\000o\000t\000t\000o\000\040\000S\000c\000a\000l\000a\000r\000e}{section.9}% 42
\BOOKMARK [2][-]{subsection.9.3}{\376\377\000E\000q\000u\000a\000z\000i\000o\000n\000e\000\040\000d\000i\000\040\000S\000c\000h\000r\000\366\000d\000i\000n\000g\000e\000r\000\040\000c\000o\000m\000e\000\040\000E\000q\000u\000a\000z\000i\000o\000n\000e\000\040\000H\000a\000m\000i\000l\000t\000o\000n\000i\000a\000n\000a}{section.9}% 43
\BOOKMARK [2][-]{subsection.9.4}{\376\377\000Q\000u\000b\000i\000t\000\040\000V\000I\000:\000\040\000C\0002\000\040\000i\000n\000\040\000C\000o\000o\000r\000d\000i\000n\000a\000t\000e\000\040\000R\000e\000a\000l\000i}{section.9}% 44
\BOOKMARK [1][-]{section.10}{\376\377\000N\000o\000e\000t\000h\000e\000r\000,\000\040\000T\000a\000g\000l\000i\000o\000\040\000d\000i\000\040\000H\000e\000i\000s\000e\000n\000b\000e\000r\000g\000\040\000e\000\040\000R\000i\000s\000p\000o\000s\000t\000a\000\040\000S\000i\000n\000t\000e\000t\000i\000c\000a}{part*.3}% 45
\BOOKMARK [2][-]{subsection.10.1}{\376\377\000T\000e\000o\000r\000e\000m\000a\000\040\000d\000i\000\040\000N\000o\000e\000t\000h\000e\000r\000\040\000Q\000u\000a\000n\000t\000i\000s\000t\000i\000c\000o}{section.10}% 46
\BOOKMARK [2][-]{subsection.10.2}{\376\377\000I\000l\000\040\000T\000a\000g\000l\000i\000o\000\040\000d\000i\000\040\000H\000e\000i\000s\000e\000n\000b\000e\000r\000g\000\040\000n\000e\000l\000\040\000L\000i\000n\000g\000u\000a\000g\000g\000i\000o\000\040\000d\000i\000\040\000R\000i\000e\000f\000f\000e\000l}{section.10}% 47
\BOOKMARK [2][-]{subsection.10.3}{\376\377\000R\000i\000s\000p\000o\000s\000t\000a\000\040\000S\000i\000n\000t\000e\000t\000i\000c\000a\000\040\000a\000l\000l\000a\000\040\000D\000o\000m\000a\000n\000d\000a\000\040\000d\000e\000l\000l\000a\000\040\000T\000e\000s\000i}{section.10}% 48
\BOOKMARK [1][-]{subsection.10.3}{\376\377\000A\000p\000p\000e\000n\000d\000i\000c\000i}{part*.3}% 49
