\BOOKMARK [1][-]{Doc-Start}{\376\377\000D\000o\000m\000a\000n\000d\000a\000\040\000G\000u\000i\000d\000a\000\040\000d\000e\000l\000l\000a\000\040\000T\000e\000s\000i}{}% 1
\BOOKMARK [0][-]{part*.1}{\376\377\000P\000a\000r\000t\000e\000\040\000I\000:\000\040\000I\000l\000\040\000L\000a\000t\000o\000\040\000C\000l\000a\000s\000s\000i\000c\000o}{}% 2
\BOOKMARK [1][-]{section.1}{\376\377\000V\000a\000r\000i\000e\000t\000\340\000\040\000S\000i\000m\000p\000l\000e\000t\000t\000i\000c\000h\000e\000\040\000e\000\040\000A\000l\000g\000e\000b\000r\000a\000\040\000d\000e\000l\000l\000e\000\040\000O\000s\000s\000e\000r\000v\000a\000b\000i\000l\000i}{part*.1}% 3
\BOOKMARK [2][-]{subsection.1.1}{\376\377\000A\000l\000g\000e\000b\000r\000e\000\040\000d\000i\000\040\000L\000i\000e}{section.1}% 4
\BOOKMARK [2][-]{subsection.1.2}{\376\377\000G\000e\000o\000m\000e\000t\000r\000i\000a\000\040\000S\000i\000m\000p\000l\000e\000t\000t\000i\000c\000a}{section.1}% 5
\BOOKMARK [2][-]{subsection.1.3}{\376\377\000P\000a\000r\000e\000n\000t\000e\000s\000i\000\040\000d\000i\000\040\000P\000o\000i\000s\000s\000o\000n\000\040\000e\000\040\000S\000t\000r\000u\000t\000t\000u\000r\000a\000\040\000d\000i\000\040\000A\000l\000g\000e\000b\000r\000a\000\040\000d\000i\000\040\000L\000i\000e}{section.1}% 6
\BOOKMARK [2][-]{subsection.1.4}{\376\377\000A\000z\000i\000o\000n\000e\000\040\000S\000i\000m\000p\000l\000e\000t\000t\000i\000c\000a\000\040\000e\000\040\000T\000e\000o\000r\000e\000m\000a\000\040\000d\000i\000\040\000N\000o\000e\000t\000h\000e\000r}{section.1}% 7
\BOOKMARK [2][-]{subsection.1.5}{\376\377\000C\0000\000\050\000M\000\051\000\040\000c\000o\000m\000e\000\040\000C\000*\000-\000a\000l\000g\000e\000b\000r\000a\000\040\000e\000\040\000T\000e\000o\000r\000e\000m\000a\000\040\000d\000i\000\040\000G\000e\000l\000f\000a\000n\000d}{section.1}% 8
\BOOKMARK [2][-]{subsection.1.6}{\376\377\000Q\000u\000b\000i\000t\000\040\000I\000\040\040\024\000\040\000S\0002\000\040\000c\000o\000m\000e\000\040\000S\000p\000a\000z\000i\000o\000\040\000d\000e\000l\000l\000e\000\040\000F\000a\000s\000i\000\040\000d\000e\000l\000l\000o\000\040\000S\000p\000i\000n\000\040\000C\000l\000a\000s\000s\000i\000c\000o}{section.1}% 9
\BOOKMARK [0][-]{part*.2}{\376\377\000P\000a\000r\000t\000e\000\040\000I\000I\000:\000\040\000I\000l\000\040\000L\000a\000t\000o\000\040\000Q\000u\000a\000n\000t\000i\000s\000t\000i\000c\000o}{}% 10
\BOOKMARK [1][-]{section.2}{\376\377\000C\000o\000s\000t\000r\000u\000z\000i\000o\000n\000e\000\040\000A\000l\000g\000e\000b\000r\000i\000c\000a\000\040\000d\000e\000l\000l\000a\000\040\000M\000e\000c\000c\000a\000n\000i\000c\000a\000\040\000Q\000u\000a\000n\000t\000i\000s\000t\000i\000c\000a}{part*.2}% 11
\BOOKMARK [2][-]{subsection.2.1}{\376\377\000A\000p\000p\000r\000o\000c\000c\000i\000o\000\040\000O\000p\000e\000r\000a\000z\000i\000o\000n\000a\000l\000e\000\040\000d\000i\000\040\000S\000t\000r\000o\000c\000c\000h\000i}{section.2}% 12
\BOOKMARK [2][-]{subsection.2.2}{\376\377\000T\000e\000o\000r\000e\000m\000a\000\040\000G\000N\000S\000,\000\040\000G\000e\000l\000f\000a\000n\000d\040\023\000N\000a\000i\000m\000a\000r\000k\000\040\000e\000\040\000C\000o\000m\000p\000l\000e\000m\000e\000n\000t\000i\000\040\000T\000e\000c\000n\000i\000c\000i}{section.2}% 13
\BOOKMARK [2][-]{subsection.2.3}{\376\377\000L\000'\000O\000s\000t\000r\000u\000z\000i\000o\000n\000e\000\040\000d\000i\000\040\000W\000i\000n\000t\000n\000e\000r\000\040\000e\000\040\000l\000'\000A\000l\000g\000e\000b\000r\000a\000\040\000d\000i\000\040\000W\000e\000y\000l}{section.2}% 14
\BOOKMARK [2][-]{subsection.2.4}{\376\377\000I\000l\000\040\000P\000o\000n\000t\000e\000\040\000v\000e\000r\000s\000o\000\040\000l\000a\000\040\000G\000e\000o\000m\000e\000t\000r\000i\000a\000\040\000d\000e\000g\000l\000i\000\040\000S\000t\000a\000t\000i}{section.2}% 15
\BOOKMARK [2][-]{subsection.2.5}{\376\377\000Q\000u\000b\000i\000t\000\040\000I\000I\000\040\040\024\000\040\000M\0002\000\050\000C\000\051\000\040\000c\000o\000m\000e\000\040\000C\000*\000-\000A\000l\000g\000e\000b\000r\000a}{section.2}% 16
\BOOKMARK [0][-]{part*.3}{\376\377\000P\000a\000r\000t\000e\000\040\000I\000I\000I\000:\000\040\000L\000e\000\040\000S\000t\000r\000u\000t\000t\000u\000r\000e\000\040\000C\000l\000a\000s\000s\000i\000c\000h\000e\000\040\000n\000e\000l\000l\000o\000\040\000S\000p\000a\000z\000i\000o\000\040\000d\000e\000g\000l\000i\000\040\000S\000t\000a\000t\000i\000\040\000Q\000u\000a\000n\000t\000i\000s\000t\000i\000c\000o}{}% 17
\BOOKMARK [1][-]{section.3}{\376\377\000G\000e\000o\000m\000e\000t\000r\000i\000a\000\040\000d\000i\000\040\000P\000H\000\040\000e\000\040\000R\000e\000c\000u\000p\000e\000r\000o\000\040\000d\000e\000l\000l\000e\000\040\000S\000t\000r\000u\000t\000t\000u\000r\000e\000\040\000C\000l\000a\000s\000s\000i\000c\000h\000e}{part*.3}% 18
\BOOKMARK [2][-]{subsection.3.1}{\376\377\000L\000o\000\040\000S\000p\000a\000z\000i\000o\000\040\000P\000r\000o\000i\000e\000t\000t\000i\000v\000o\000\040\000P\000H\000\040\000c\000o\000m\000e\000\040\000V\000a\000r\000i\000e\000t\000\340}{section.3}% 19
\BOOKMARK [2][-]{subsection.3.2}{\376\377\000D\000e\000c\000o\000m\000p\000o\000s\000i\000z\000i\000o\000n\000e\000\040\000d\000e\000l\000\040\000P\000r\000o\000d\000o\000t\000t\000o\000\040\000S\000c\000a\000l\000a\000r\000e\000\040\000e\000\040\000S\000t\000r\000u\000t\000t\000u\000r\000a\000\040\000d\000i\000\040\000K\000\344\000h\000l\000e\000r}{section.3}% 20
\BOOKMARK [2][-]{subsection.3.3}{\376\377\000E\000q\000u\000a\000z\000i\000o\000n\000e\000\040\000d\000i\000\040\000S\000c\000h\000r\000\366\000d\000i\000n\000g\000e\000r\000\040\000c\000o\000m\000e\000\040\000F\000l\000u\000s\000s\000o\000\040\000H\000a\000m\000i\000l\000t\000o\000n\000i\000a\000n\000o}{section.3}% 21
\BOOKMARK [2][-]{subsection.3.4}{\376\377\000T\000e\000o\000r\000e\000m\000a\000\040\000d\000i\000\040\000N\000o\000e\000t\000h\000e\000r\000\040\000Q\000u\000a\000n\000t\000i\000s\000t\000i\000c\000o}{section.3}% 22
\BOOKMARK [2][-]{subsection.3.5}{\376\377\000R\000e\000l\000a\000z\000i\000o\000n\000i\000\040\000d\000i\000\040\000I\000n\000d\000e\000t\000e\000r\000m\000i\000n\000a\000z\000i\000o\000n\000e\000\040\000c\000o\000m\000e\000\040\000C\000o\000r\000o\000l\000l\000a\000r\000i\000o}{section.3}% 23
\BOOKMARK [2][-]{subsection.3.6}{\376\377\000Q\000u\000b\000i\000t\000\040\000I\000I\000I\000\040\040\024\000\040\000P\000C\0001\000\040\000.\0005\000-\000.\0005\000.\0005\000-\000.\0005\000.\0005\000-\000.\0005\000.\0005\000-\000.\0005\000S\0002\000:\000\040\000C\000h\000i\000u\000s\000u\000r\000a\000\040\000G\000e\000o\000m\000e\000t\000r\000i\000c\000a}{section.3}% 24
\BOOKMARK [0][-]{part*.4}{\376\377\000P\000a\000r\000t\000e\000\040\000I\000V\000:\000\040\000S\000t\000r\000i\000c\000t\000\040\000D\000e\000f\000o\000r\000m\000a\000t\000i\000o\000n\000\040\000Q\000u\000a\000n\000t\000i\000z\000a\000t\000i\000o\000n}{}% 25
\BOOKMARK [1][-]{section.4}{\376\377\000Q\000u\000a\000n\000t\000i\000z\000z\000a\000z\000i\000o\000n\000e\000\040\000p\000e\000r\000\040\000D\000e\000f\000o\000r\000m\000a\000z\000i\000o\000n\000e\000\040\000\050\000R\000i\000e\000f\000f\000e\000l\000\051}{part*.4}% 26
\BOOKMARK [2][-]{subsection.4.1}{\376\377\000I\000l\000\040\000S\000i\000g\000n\000i\000f\000i\000c\000a\000t\000o\000\040\000d\000i\000\040\000\040\000c\000o\000m\000e\000\040\000P\000a\000r\000a\000m\000e\000t\000r\000o}{section.4}% 27
\BOOKMARK [2][-]{subsection.4.2}{\376\377\000P\000e\000r\000c\000h\000\351\000\040\000l\000a\000\040\000D\000e\000f\000o\000r\000m\000a\000z\000i\000o\000n\000e\000\040\000F\000o\000r\000m\000a\000l\000e\000\040\000N\000o\000n\000\040\000B\000a\000s\000t\000a}{section.4}% 28
\BOOKMARK [2][-]{subsection.4.3}{\376\377\000D\000e\000f\000i\000n\000i\000z\000i\000o\000n\000e\000\040\000d\000i\000\040\000R\000i\000e\000f\000f\000e\000l\000\040\000e\000\040\000C\000o\000n\000d\000i\000z\000i\000o\000n\000e\000\040\000d\000i\000\040\000D\000i\000r\000a\000c}{section.4}% 29
\BOOKMARK [2][-]{subsection.4.4}{\376\377\000E\000s\000e\000m\000p\000i\000o\000\040\000P\000r\000i\000n\000c\000i\000p\000a\000l\000e\000:\000\040\000Q\000u\000a\000n\000t\000i\000z\000z\000a\000z\000i\000o\000n\000e\000\040\000d\000i\000\040\000W\000e\000y\000l\000\040\000s\000u\000\040\000R\0002}{section.4}% 30
\BOOKMARK [2][-]{subsection.4.5}{\376\377\000O\000s\000t\000a\000c\000o\000l\000o\000\040\000d\000i\000\040\000G\000r\000o\000e\000n\000e\000w\000o\000l\000d\040\023\000v\000a\000n\000\040\000H\000o\000v\000e}{section.4}% 31
\BOOKMARK [2][-]{subsection.4.6}{\376\377\000Q\000u\000b\000i\000t\000\040\000I\000V\000\040\040\024\000\040\000C\000o\000n\000d\000i\000z\000i\000o\000n\000e\000\040\000d\000i\000\040\000D\000i\000r\000a\000c\000\040\000s\000u\000\040\000s\000u\000\050\0002\000\051\000:\000\040\000V\000e\000r\000i\000f\000i\000c\000a\000\040\000E\000s\000p\000l\000i\000c\000i\000t\000a}{section.4}% 32
\BOOKMARK [1][-]{subsection.4.6}{\376\377\000C\000o\000n\000c\000l\000u\000s\000i\000o\000n\000i}{part*.4}% 33
\BOOKMARK [1][-]{subsection.4.6}{\376\377\000A\000p\000p\000e\000n\000d\000i\000c\000i}{part*.4}% 34
